// Jest Snapshot v1, https://goo.gl/fbAQLP

exports[`<CastImage/> should match snapshot 1`] = `
<DocumentFragment>
  <div
    class="CastImage"
  >
    <img
      alt="Joel test image"
      class="CastImage__image"
      loading="lazy"
      src="//static.tvmaze.com/uploads/images/medium_portrait/130/325669.jpg"
      width="58"
    />
  </div>
</DocumentFragment>
`;
