// Jest Snapshot v1, https://goo.gl/fbAQLP

exports[`<ShowCard/> should match snapshot 1`] = `
<DocumentFragment>
  <a
    class="Anchor ShowCard"
    href="/show/31534"
  >
    <article
      class="ShowCard__content"
    >
      <p
        class="ShowCard__meta"
      >
        Time: 09:00 
        <span
          class="ShowCard__meta-time"
        >
          (24hr)
        </span>
      </p>
      <p
        class="ShowCard__meta"
      >
        Network: Sky 1
      </p>
      <h3
        class="ShowCard__heading"
      >
        The Russell Howard Hour
      </h3>
      <div
        class="Ratings ShowCard__ratings"
      >
        <span
          class="Star Ratings__star Star--is-active"
        />
        <span
          class="Star Ratings__star Star--is-active"
        />
        <span
          class="Star Ratings__star Star--is-active"
        />
        <span
          class="Star Ratings__star Star--is-active"
        />
        <span
          class="Star Ratings__star"
        />
      </div>
      <div
        class="ShowImage ShowCard__image"
      >
        <img
          alt="The Russell Howard Hour poster"
          class="ShowImage__image"
          loading="lazy"
          src="//static.tvmaze.com/uploads/images/medium_portrait/130/325669.jpg"
          width="200"
        />
      </div>
    </article>
  </a>
</DocumentFragment>
`;
