// Jest Snapshot v1, https://goo.gl/fbAQLP

exports[`<Pagination/> should match snapshot 1`] = `
<DocumentFragment>
  <article
    class="Pagination Test__className"
  >
    <div
      class="Pagination__container"
    >
      <div
        class="Pagination__today"
      >
        <h3
          class="Pagination__heading"
        >
          Whats on: Sun Oct 25 2020
        </h3>
      </div>
      <div
        class="Pagination__nav"
      >
        <a
          class="Pagination__cta Pagination__cta--prev"
          data-testid="prev-link"
          href="/?page=-1"
        >
          &lt; View Previous Day
        </a>
        <a
          class="Pagination__cta Pagination__cta--next"
          data-testid="next-link"
          href="/?page=1"
        >
          View Next Day &gt;
        </a>
      </div>
    </div>
  </article>
</DocumentFragment>
`;
